70.119.210.142 - - [16/Oct/2015:03:17:36 +0000] "GET /manage/blogs/edit?id=001444848824833661488ae507a468f95c9cb0919b85b9d000 HTTP/1.1" 200 1963 "http://glistenlau.com/manage/blogs" "Mozilla/5.0 (Macintosh; Intel Mac OS X 10_11_1) AppleWebKit/537.36 (KHTML, like Gecko) Chrome/46.0.2490.71 Safari/537.36"
70.119.210.142 - - [16/Oct/2015:03:17:36 +0000] "GET /api/blogs/001444848824833661488ae507a468f95c9cb0919b85b9d000? HTTP/1.1" 200 470 "http://glistenlau.com/manage/blogs/edit?id=001444848824833661488ae507a468f95c9cb0919b85b9d000" "Mozilla/5.0 (Macintosh; Intel Mac OS X 10_11_1) AppleWebKit/537.36 (KHTML, like Gecko) Chrome/46.0.2490.71 Safari/537.36"
70.119.210.142 - - [16/Oct/2015:03:17:42 +0000] "POST /api/blogs/001444848824833661488ae507a468f95c9cb0919b85b9d000 HTTP/1.1" 500 170 "http://glistenlau.com/manage/blogs/edit?id=001444848824833661488ae507a468f95c9cb0919b85b9d000" "Mozilla/5.0 (Macintosh; Intel Mac OS X 10_11_1) AppleWebKit/537.36 (KHTML, like Gecko) Chrome/46.0.2490.71 Safari/537.36"
54.209.60.63 - - [16/Oct/2015:07:21:52 +0000] "GET /ddb77e7d1fc1020776f493d68160634b.txt HTTP/1.1" 404 14 "-" "Mozilla/5.0 (Macintosh; Intel Mac OS X 10_10_1) AppleWebKit/600.1.25 (KHTML, like Gecko) Version/8.0 Safari/600.1.25"
54.209.60.63 - - [16/Oct/2015:07:43:23 +0000] "GET /ddb77e7d1fc1020776f493d68160634b.txt HTTP/1.1" 404 14 "-" "Mozilla/5.0 (Macintosh; Intel Mac OS X 10_10_1) AppleWebKit/600.1.25 (KHTML, like Gecko) Version/8.0 Safari/600.1.25"
66.249.65.195 - - [16/Oct/2015:11:32:48 +0000] "GET / HTTP/1.1" 500 170 "-" "Mozilla/5.0 (compatible; Googlebot/2.1; +http://www.google.com/bot.html)"
50.193.202.82 - - [16/Oct/2015:12:05:56 +0000] "GET / HTTP/1.1" 500 170 "-" "Mozilla/5.0 (Windows NT 6.2; WOW64) AppleWebKit/537.36 (KHTML, like Gecko) Chrome/27.0.1453.116 Safari/537.36"
119.147.146.189 - - [16/Oct/2015:12:48:22 +0000] "GET / HTTP/1.1" 500 170 "-" "Mozilla/5.0 (Windows NT 6.1; WOW64) AppleWebKit/537.36 (KHTML, like Gecko) Chrome/39.0.2171.95  Safari/537.36"
54.209.60.63 - - [16/Oct/2015:12:50:15 +0000] "GET /manage/blogs HTTP/1.1" 302 10 "-" "Mozilla/5.0 (Macintosh; Intel Mac OS X 10_10_1) AppleWebKit/600.1.25 (KHTML, like Gecko) Version/8.0 Safari/600.1.25"
54.209.60.63 - - [16/Oct/2015:12:50:39 +0000] "GET /signin HTTP/1.1" 200 1004 "-" "Mozilla/5.0 (Macintosh; Intel Mac OS X 10_10_1) AppleWebKit/600.1.25 (KHTML, like Gecko) Version/8.0 Safari/600.1.25"
54.209.60.63 - - [16/Oct/2015:12:54:07 +0000] "GET /manage/blogs/edit HTTP/1.1" 302 10 "-" "Mozilla/5.0 (Macintosh; Intel Mac OS X 10_10_1) AppleWebKit/600.1.25 (KHTML, like Gecko) Version/8.0 Safari/600.1.25"
54.209.60.63 - - [16/Oct/2015:12:54:07 +0000] "GET /signin HTTP/1.1" 200 1004 "-" "Mozilla/5.0 (Macintosh; Intel Mac OS X 10_10_1) AppleWebKit/600.1.25 (KHTML, like Gecko) Version/8.0 Safari/600.1.25"
66.249.69.75 - - [16/Oct/2015:14:51:45 +0000] "GET /robots.txt HTTP/1.1" 404 14 "-" "Mozilla/5.0 (compatible; Googlebot/2.1; +http://www.google.com/bot.html)"
66.249.69.91 - - [16/Oct/2015:14:51:45 +0000] "GET /m/ HTTP/1.1" 404 14 "-" "Mozilla/5.0 (compatible; Googlebot/2.1; +http://www.google.com/bot.html)"
66.249.69.91 - - [16/Oct/2015:15:16:13 +0000] "GET /mobile/ HTTP/1.1" 404 14 "-" "Mozilla/5.0 (compatible; Googlebot/2.1; +http://www.google.com/bot.html)"
192.99.150.120 - - [16/Oct/2015:15:39:48 +0000] "GET / HTTP/1.1" 500 170 "-" "Mozilla/5.0 (X11; Linux x86_64; rv:28.0) Gecko/20100101  Firefox/28.0"
66.249.69.75 - - [16/Oct/2015:15:40:42 +0000] "GET / HTTP/1.1" 500 170 "-" "Mozilla/5.0 (compatible; Googlebot/2.1; +http://www.google.com/bot.html)"
66.249.69.75 - - [16/Oct/2015:16:30:12 +0000] "GET /blog/001444848824833661488ae507a468f95c9cb0919b85b9d000 HTTP/1.1" 500 170 "-" "Mozilla/5.0 (compatible; Googlebot/2.1; +http://www.google.com/bot.html)"
66.249.69.83 - - [16/Oct/2015:16:33:21 +0000] "GET /signin HTTP/1.1" 200 1004 "-" "Mozilla/5.0 (compatible; Googlebot/2.1; +http://www.google.com/bot.html)"
66.249.69.83 - - [16/Oct/2015:18:56:39 +0000] "GET / HTTP/1.1" 500 170 "-" "Mozilla/5.0 (compatible; Googlebot/2.1; +http://www.google.com/bot.html)"
107.173.173.13 - - [16/Oct/2015:19:45:13 +0000] "GET / HTTP/1.1" 500 170 "http://best-seo-report.com" "Mozilla/4.0 (compatible; Synapse)"
107.173.173.13 - - [16/Oct/2015:19:45:14 +0000] "GET / HTTP/1.1" 500 170 "http://best-seo-report.com" "Mozilla/4.0 (compatible; Synapse)"
107.173.173.13 - - [16/Oct/2015:19:45:14 +0000] "GET / HTTP/1.1" 500 170 "http://best-seo-report.com" "Mozilla/4.0 (compatible; Synapse)"
107.173.173.13 - - [16/Oct/2015:19:45:14 +0000] "GET / HTTP/1.1" 500 170 "http://best-seo-report.com" "Mozilla/4.0 (compatible; Synapse)"
107.173.165.100 - - [16/Oct/2015:23:04:59 +0000] "GET / HTTP/1.1" 500 170 "http://best-seo-report.com" "Mozilla/4.0 (compatible; Synapse)"
107.173.165.100 - - [16/Oct/2015:23:05:00 +0000] "GET / HTTP/1.1" 500 170 "http://best-seo-report.com" "Mozilla/4.0 (compatible; Synapse)"
107.173.165.100 - - [16/Oct/2015:23:05:00 +0000] "GET / HTTP/1.1" 500 170 "http://best-seo-report.com" "Mozilla/4.0 (compatible; Synapse)"
107.173.165.100 - - [16/Oct/2015:23:05:01 +0000] "GET / HTTP/1.1" 500 170 "http://best-seo-report.com" "Mozilla/4.0 (compatible; Synapse)"
66.249.69.75 - - [17/Oct/2015:00:47:51 +0000] "GET / HTTP/1.1" 500 170 "-" "Mozilla/5.0 (compatible; Googlebot/2.1; +http://www.google.com/bot.html)"
172.245.114.165 - - [17/Oct/2015:02:17:51 +0000] "GET / HTTP/1.1" 500 170 "http://best-seo-report.com" "Mozilla/4.0 (compatible; Synapse)"
172.245.114.165 - - [17/Oct/2015:02:17:51 +0000] "GET / HTTP/1.1" 500 170 "http://best-seo-report.com" "Mozilla/4.0 (compatible; Synapse)"
172.245.114.165 - - [17/Oct/2015:02:17:52 +0000] "GET / HTTP/1.1" 500 170 "http://best-seo-report.com" "Mozilla/4.0 (compatible; Synapse)"
172.245.114.165 - - [17/Oct/2015:02:17:52 +0000] "GET / HTTP/1.1" 500 170 "http://best-seo-report.com" "Mozilla/4.0 (compatible; Synapse)"
38.99.82.230 - - [17/Oct/2015:02:50:55 +0000] "GET /robots.txt HTTP/1.1" 404 14 "-" "Mozilla/5.0"
38.99.82.230 - - [17/Oct/2015:02:50:57 +0000] "GET / HTTP/1.1" 500 170 "-" "Mozilla/5.0 (X11; U; Linux x86_64; en-US) AppleWebKit/533.3 (KHTML, like Gecko) Qt/4.7.1 Safari/533.3"
172.56.7.170 - - [17/Oct/2015:03:22:44 +0000] "GET /favicon.ico HTTP/1.1" 404 177 "-" "Mozilla/5.0 (iPhone; CPU iPhone OS 9_0_2 like Mac OS X) AppleWebKit/600.1.4 (KHTML, like Gecko) CriOS/45.0.2454.89 Mobile/13A452 Safari/600.1.4"
38.99.82.191 - - [17/Oct/2015:05:11:31 +0000] "GET /robots.txt HTTP/1.1" 404 14 "-" "Mozilla/5.0"
38.99.82.191 - - [17/Oct/2015:05:11:32 +0000] "GET / HTTP/1.1" 500 170 "-" "Mozilla/5.0 (X11; U; Linux x86_64; en-US) AppleWebKit/533.3 (KHTML, like Gecko) Qt/4.7.1 Safari/533.3"
107.173.171.60 - - [17/Oct/2015:06:41:42 +0000] "GET / HTTP/1.1" 500 170 "http://best-seo-report.com" "Mozilla/4.0 (compatible; Synapse)"
107.173.171.60 - - [17/Oct/2015:06:41:43 +0000] "GET / HTTP/1.1" 500 170 "http://best-seo-report.com" "Mozilla/4.0 (compatible; Synapse)"
107.173.171.60 - - [17/Oct/2015:06:41:43 +0000] "GET / HTTP/1.1" 500 170 "http://best-seo-report.com" "Mozilla/4.0 (compatible; Synapse)"
107.173.171.60 - - [17/Oct/2015:06:41:44 +0000] "GET / HTTP/1.1" 500 170 "http://best-seo-report.com" "Mozilla/4.0 (compatible; Synapse)"
66.249.69.91 - - [17/Oct/2015:06:46:54 +0000] "GET /robots.txt HTTP/1.1" 404 14 "-" "Mozilla/5.0 (compatible; Googlebot/2.1; +http://www.google.com/bot.html)"
66.249.69.83 - - [17/Oct/2015:06:46:54 +0000] "GET / HTTP/1.1" 500 170 "-" "Mozilla/5.0 (compatible; Googlebot/2.1; +http://www.google.com/bot.html)"
38.99.82.230 - - [17/Oct/2015:07:51:55 +0000] "GET /robots.txt HTTP/1.1" 404 14 "-" "Mozilla/5.0"
38.99.82.230 - - [17/Oct/2015:07:52:22 +0000] "GET / HTTP/1.1" 500 170 "-" "Mozilla/5.0 (X11; U; Linux x86_64; en-US) AppleWebKit/533.3 (KHTML, like Gecko) Qt/4.7.1 Safari/533.3"
107.173.149.35 - - [17/Oct/2015:09:53:02 +0000] "GET / HTTP/1.1" 500 170 "http://best-seo-report.com" "Mozilla/4.0 (compatible; Synapse)"
107.173.149.35 - - [17/Oct/2015:09:53:02 +0000] "GET / HTTP/1.1" 500 170 "http://best-seo-report.com" "Mozilla/4.0 (compatible; Synapse)"
107.173.149.35 - - [17/Oct/2015:09:53:03 +0000] "GET / HTTP/1.1" 500 170 "http://best-seo-report.com" "Mozilla/4.0 (compatible; Synapse)"
107.173.149.35 - - [17/Oct/2015:09:53:03 +0000] "GET / HTTP/1.1" 500 170 "http://best-seo-report.com" "Mozilla/4.0 (compatible; Synapse)"
107.173.167.247 - - [17/Oct/2015:13:04:57 +0000] "GET / HTTP/1.1" 500 170 "http://best-seo-report.com" "Mozilla/4.0 (compatible; Synapse)"
107.173.167.247 - - [17/Oct/2015:13:04:57 +0000] "GET / HTTP/1.1" 500 170 "http://best-seo-report.com" "Mozilla/4.0 (compatible; Synapse)"
107.173.167.247 - - [17/Oct/2015:13:04:57 +0000] "GET / HTTP/1.1" 500 170 "http://best-seo-report.com" "Mozilla/4.0 (compatible; Synapse)"
107.173.167.247 - - [17/Oct/2015:13:04:58 +0000] "GET / HTTP/1.1" 500 170 "http://best-seo-report.com" "Mozilla/4.0 (compatible; Synapse)"
107.173.166.18 - - [17/Oct/2015:17:08:09 +0000] "GET / HTTP/1.1" 500 170 "http://best-seo-report.com" "Mozilla/4.0 (compatible; Synapse)"
107.173.166.18 - - [17/Oct/2015:17:08:10 +0000] "GET / HTTP/1.1" 500 170 "http://best-seo-report.com" "Mozilla/4.0 (compatible; Synapse)"
107.173.166.18 - - [17/Oct/2015:17:08:10 +0000] "GET / HTTP/1.1" 500 170 "http://best-seo-report.com" "Mozilla/4.0 (compatible; Synapse)"
107.173.166.18 - - [17/Oct/2015:17:08:11 +0000] "GET / HTTP/1.1" 500 170 "http://best-seo-report.com" "Mozilla/4.0 (compatible; Synapse)"
172.245.210.101 - - [17/Oct/2015:21:03:50 +0000] "GET / HTTP/1.1" 500 170 "http://best-seo-report.com" "Mozilla/4.0 (compatible; Synapse)"
172.245.210.101 - - [17/Oct/2015:21:03:51 +0000] "GET / HTTP/1.1" 500 170 "http://best-seo-report.com" "Mozilla/4.0 (compatible; Synapse)"
172.245.210.101 - - [17/Oct/2015:21:03:51 +0000] "GET / HTTP/1.1" 500 170 "http://best-seo-report.com" "Mozilla/4.0 (compatible; Synapse)"
172.245.210.101 - - [17/Oct/2015:21:03:51 +0000] "GET / HTTP/1.1" 500 170 "http://best-seo-report.com" "Mozilla/4.0 (compatible; Synapse)"
107.173.148.49 - - [18/Oct/2015:00:08:39 +0000] "GET / HTTP/1.1" 500 170 "http://best-seo-report.com" "Mozilla/4.0 (compatible; Synapse)"
107.173.148.49 - - [18/Oct/2015:00:08:39 +0000] "GET / HTTP/1.1" 500 170 "http://best-seo-report.com" "Mozilla/4.0 (compatible; Synapse)"
107.173.148.49 - - [18/Oct/2015:00:08:39 +0000] "GET / HTTP/1.1" 500 170 "http://best-seo-report.com" "Mozilla/4.0 (compatible; Synapse)"
107.173.148.49 - - [18/Oct/2015:00:08:40 +0000] "GET / HTTP/1.1" 500 170 "http://best-seo-report.com" "Mozilla/4.0 (compatible; Synapse)"
107.173.153.96 - - [18/Oct/2015:03:13:18 +0000] "GET / HTTP/1.1" 500 170 "http://best-seo-report.com" "Mozilla/4.0 (compatible; Synapse)"
107.173.153.96 - - [18/Oct/2015:03:13:18 +0000] "GET / HTTP/1.1" 500 170 "http://best-seo-report.com" "Mozilla/4.0 (compatible; Synapse)"
107.173.153.96 - - [18/Oct/2015:03:13:18 +0000] "GET / HTTP/1.1" 500 170 "http://best-seo-report.com" "Mozilla/4.0 (compatible; Synapse)"
107.173.153.96 - - [18/Oct/2015:03:13:19 +0000] "GET / HTTP/1.1" 500 170 "http://best-seo-report.com" "Mozilla/4.0 (compatible; Synapse)"
192.99.150.120 - - [18/Oct/2015:06:32:55 +0000] "GET / HTTP/1.1" 500 170 "-" "Mozilla/5.0 (compatible; Crawler/0.1; +http://)"
198.23.209.111 - - [18/Oct/2015:08:10:49 +0000] "GET / HTTP/1.1" 500 170 "http://best-seo-report.com" "Mozilla/4.0 (compatible; Synapse)"
198.23.209.111 - - [18/Oct/2015:08:10:49 +0000] "GET / HTTP/1.1" 500 170 "http://best-seo-report.com" "Mozilla/4.0 (compatible; Synapse)"
198.23.209.111 - - [18/Oct/2015:08:10:49 +0000] "GET / HTTP/1.1" 500 170 "http://best-seo-report.com" "Mozilla/4.0 (compatible; Synapse)"
198.23.209.111 - - [18/Oct/2015:08:10:50 +0000] "GET / HTTP/1.1" 500 170 "http://best-seo-report.com" "Mozilla/4.0 (compatible; Synapse)"
66.249.67.18 - - [18/Oct/2015:16:23:15 +0000] "GET /robots.txt HTTP/1.1" 404 14 "-" "Mozilla/5.0 (compatible; Googlebot/2.1; +http://www.google.com/bot.html)"
66.249.67.11 - - [18/Oct/2015:16:23:15 +0000] "GET / HTTP/1.1" 500 170 "-" "Mozilla/5.0 (compatible; Googlebot/2.1; +http://www.google.com/bot.html)"
107.173.155.139 - - [18/Oct/2015:17:16:04 +0000] "GET / HTTP/1.1" 500 170 "http://best-seo-report.com" "Mozilla/4.0 (compatible; Synapse)"
107.173.155.139 - - [18/Oct/2015:17:16:04 +0000] "GET / HTTP/1.1" 500 170 "http://best-seo-report.com" "Mozilla/4.0 (compatible; Synapse)"
107.173.155.139 - - [18/Oct/2015:17:16:04 +0000] "GET / HTTP/1.1" 500 170 "http://best-seo-report.com" "Mozilla/4.0 (compatible; Synapse)"
107.173.155.139 - - [18/Oct/2015:17:16:05 +0000] "GET / HTTP/1.1" 500 170 "http://best-seo-report.com" "Mozilla/4.0 (compatible; Synapse)"
62.212.73.49 - - [18/Oct/2015:17:21:34 +0000] "GET / HTTP/1.1" 500 170 "http://glistenlau.com/" "Mozilla/5.0 (Windows NT 6.1; WOW64) AppleWebKit/537.36 (KHTML, like Gecko) Chrome/44.0.2403.125 Safari/537.36"
66.249.67.25 - - [18/Oct/2015:18:07:24 +0000] "GET /blog/signin HTTP/1.1" 500 170 "-" "Mozilla/5.0 (compatible; Googlebot/2.1; +http://www.google.com/bot.html)"
66.249.67.11 - - [18/Oct/2015:18:07:25 +0000] "GET /blog/signin HTTP/1.1" 500 170 "-" "Mozilla/5.0 (compatible; Googlebot/2.1; +http://www.google.com/bot.html)"
23.94.85.213 - - [18/Oct/2015:20:35:23 +0000] "GET / HTTP/1.1" 500 170 "http://best-seo-report.com" "Mozilla/4.0 (compatible; Synapse)"
23.94.85.213 - - [18/Oct/2015:20:35:24 +0000] "GET / HTTP/1.1" 500 170 "http://best-seo-report.com" "Mozilla/4.0 (compatible; Synapse)"
23.94.85.213 - - [18/Oct/2015:20:35:24 +0000] "GET / HTTP/1.1" 500 170 "http://best-seo-report.com" "Mozilla/4.0 (compatible; Synapse)"
23.94.85.213 - - [18/Oct/2015:20:35:25 +0000] "GET / HTTP/1.1" 500 170 "http://best-seo-report.com" "Mozilla/4.0 (compatible; Synapse)"
107.173.156.79 - - [18/Oct/2015:23:42:37 +0000] "GET / HTTP/1.1" 500 170 "http://best-seo-report.com" "Mozilla/4.0 (compatible; Synapse)"
107.173.156.79 - - [18/Oct/2015:23:42:37 +0000] "GET / HTTP/1.1" 500 170 "http://best-seo-report.com" "Mozilla/4.0 (compatible; Synapse)"
107.173.156.79 - - [18/Oct/2015:23:42:38 +0000] "GET / HTTP/1.1" 500 170 "http://best-seo-report.com" "Mozilla/4.0 (compatible; Synapse)"
107.173.156.79 - - [18/Oct/2015:23:42:38 +0000] "GET / HTTP/1.1" 500 170 "http://best-seo-report.com" "Mozilla/4.0 (compatible; Synapse)"
107.173.146.217 - - [19/Oct/2015:02:48:17 +0000] "GET / HTTP/1.1" 500 170 "http://best-seo-report.com" "Mozilla/4.0 (compatible; Synapse)"
107.173.146.217 - - [19/Oct/2015:02:48:18 +0000] "GET / HTTP/1.1" 500 170 "http://best-seo-report.com" "Mozilla/4.0 (compatible; Synapse)"
107.173.146.217 - - [19/Oct/2015:02:48:18 +0000] "GET / HTTP/1.1" 500 170 "http://best-seo-report.com" "Mozilla/4.0 (compatible; Synapse)"
107.173.146.217 - - [19/Oct/2015:02:48:18 +0000] "GET / HTTP/1.1" 500 170 "http://best-seo-report.com" "Mozilla/4.0 (compatible; Synapse)"
172.245.124.118 - - [19/Oct/2015:05:57:37 +0000] "GET / HTTP/1.1" 500 170 "http://best-seo-report.com" "Mozilla/4.0 (compatible; Synapse)"
172.245.124.118 - - [19/Oct/2015:05:57:37 +0000] "GET / HTTP/1.1" 500 170 "http://best-seo-report.com" "Mozilla/4.0 (compatible; Synapse)"
172.245.124.118 - - [19/Oct/2015:05:57:38 +0000] "GET / HTTP/1.1" 500 170 "http://best-seo-report.com" "Mozilla/4.0 (compatible; Synapse)"
172.245.124.118 - - [19/Oct/2015:05:57:38 +0000] "GET / HTTP/1.1" 500 170 "http://best-seo-report.com" "Mozilla/4.0 (compatible; Synapse)"
107.173.155.199 - - [19/Oct/2015:09:33:52 +0000] "GET / HTTP/1.1" 500 170 "http://best-seo-report.com" "Mozilla/4.0 (compatible; Synapse)"
107.173.155.199 - - [19/Oct/2015:09:33:52 +0000] "GET / HTTP/1.1" 500 170 "http://best-seo-report.com" "Mozilla/4.0 (compatible; Synapse)"
107.173.155.199 - - [19/Oct/2015:09:33:53 +0000] "GET / HTTP/1.1" 500 170 "http://best-seo-report.com" "Mozilla/4.0 (compatible; Synapse)"
107.173.155.199 - - [19/Oct/2015:09:33:53 +0000] "GET / HTTP/1.1" 500 170 "http://best-seo-report.com" "Mozilla/4.0 (compatible; Synapse)"
23.95.130.144 - - [19/Oct/2015:20:12:28 +0000] "GET / HTTP/1.1" 500 170 "http://best-seo-report.com" "Mozilla/4.0 (compatible; Synapse)"
23.95.130.144 - - [19/Oct/2015:20:12:28 +0000] "GET / HTTP/1.1" 500 170 "http://best-seo-report.com" "Mozilla/4.0 (compatible; Synapse)"
23.95.130.144 - - [19/Oct/2015:20:12:29 +0000] "GET / HTTP/1.1" 500 170 "http://best-seo-report.com" "Mozilla/4.0 (compatible; Synapse)"
23.95.130.144 - - [19/Oct/2015:20:12:29 +0000] "GET / HTTP/1.1" 500 170 "http://best-seo-report.com" "Mozilla/4.0 (compatible; Synapse)"
107.173.172.229 - - [19/Oct/2015:23:21:34 +0000] "GET / HTTP/1.1" 500 170 "http://best-seo-report.com" "Mozilla/4.0 (compatible; Synapse)"
107.173.172.229 - - [19/Oct/2015:23:21:34 +0000] "GET / HTTP/1.1" 500 170 "http://best-seo-report.com" "Mozilla/4.0 (compatible; Synapse)"
107.173.172.229 - - [19/Oct/2015:23:21:35 +0000] "GET / HTTP/1.1" 500 170 "http://best-seo-report.com" "Mozilla/4.0 (compatible; Synapse)"
107.173.172.229 - - [19/Oct/2015:23:21:35 +0000] "GET / HTTP/1.1" 500 170 "http://best-seo-report.com" "Mozilla/4.0 (compatible; Synapse)"
66.249.79.78 - - [20/Oct/2015:01:43:32 +0000] "GET /robots.txt HTTP/1.1" 404 14 "-" "Mozilla/5.0 (compatible; Googlebot/2.1; +http://www.google.com/bot.html)"
66.249.79.80 - - [20/Oct/2015:01:43:32 +0000] "GET / HTTP/1.1" 500 170 "-" "Mozilla/5.0 (compatible; Googlebot/2.1; +http://www.google.com/bot.html)"
107.173.169.219 - - [20/Oct/2015:02:31:26 +0000] "GET / HTTP/1.1" 500 170 "http://best-seo-report.com" "Mozilla/4.0 (compatible; Synapse)"
107.173.169.219 - - [20/Oct/2015:02:31:27 +0000] "GET / HTTP/1.1" 500 170 "http://best-seo-report.com" "Mozilla/4.0 (compatible; Synapse)"
107.173.169.219 - - [20/Oct/2015:02:31:27 +0000] "GET / HTTP/1.1" 500 170 "http://best-seo-report.com" "Mozilla/4.0 (compatible; Synapse)"
107.173.169.219 - - [20/Oct/2015:02:31:27 +0000] "GET / HTTP/1.1" 500 170 "http://best-seo-report.com" "Mozilla/4.0 (compatible; Synapse)"
107.173.152.132 - - [20/Oct/2015:05:45:14 +0000] "GET / HTTP/1.1" 500 170 "http://best-seo-report.com" "Mozilla/4.0 (compatible; Synapse)"
107.173.152.132 - - [20/Oct/2015:05:45:14 +0000] "GET / HTTP/1.1" 500 170 "http://best-seo-report.com" "Mozilla/4.0 (compatible; Synapse)"
107.173.152.132 - - [20/Oct/2015:05:45:15 +0000] "GET / HTTP/1.1" 500 170 "http://best-seo-report.com" "Mozilla/4.0 (compatible; Synapse)"
107.173.152.132 - - [20/Oct/2015:05:45:15 +0000] "GET / HTTP/1.1" 500 170 "http://best-seo-report.com" "Mozilla/4.0 (compatible; Synapse)"
66.249.79.78 - - [20/Oct/2015:06:46:55 +0000] "GET / HTTP/1.1" 500 170 "-" "Mozilla/5.0 (compatible; Googlebot/2.1; +http://www.google.com/bot.html)"
66.249.79.82 - - [20/Oct/2015:08:02:52 +0000] "GET /static/css/uikit.gradient.min.css HTTP/1.1" 200 23631 "-" "Mozilla/5.0 (compatible; Googlebot/2.1; +http://www.google.com/bot.html)"
107.173.158.141 - - [20/Oct/2015:13:16:16 +0000] "GET / HTTP/1.1" 500 170 "http://best-seo-report.com" "Mozilla/4.0 (compatible; Synapse)"
107.173.158.141 - - [20/Oct/2015:13:16:16 +0000] "GET / HTTP/1.1" 500 170 "http://best-seo-report.com" "Mozilla/4.0 (compatible; Synapse)"
107.173.158.141 - - [20/Oct/2015:13:16:17 +0000] "GET / HTTP/1.1" 500 170 "http://best-seo-report.com" "Mozilla/4.0 (compatible; Synapse)"
107.173.158.141 - - [20/Oct/2015:13:16:17 +0000] "GET / HTTP/1.1" 500 170 "http://best-seo-report.com" "Mozilla/4.0 (compatible; Synapse)"
66.249.79.82 - - [20/Oct/2015:13:18:13 +0000] "GET / HTTP/1.1" 500 170 "-" "Mozilla/5.0 (compatible; Googlebot/2.1; +http://www.google.com/bot.html)"
192.99.150.120 - - [20/Oct/2015:15:14:58 +0000] "GET / HTTP/1.1" 500 170 "-" "Mozilla/5.0 (compatible; Crawler/0.1; +http://)"
192.99.150.120 - - [20/Oct/2015:15:15:03 +0000] "GET / HTTP/1.1" 500 170 "-" "Mozilla/5.0 (compatible; Crawler/0.1; +http://)"
192.99.150.120 - - [20/Oct/2015:15:15:08 +0000] "GET / HTTP/1.1" 500 170 "-" "Mozilla/5.0 (compatible; Crawler/0.1; +http://)"
192.99.150.120 - - [20/Oct/2015:15:15:14 +0000] "GET /robots.txt HTTP/1.1" 404 14 "-" "Mozilla/5.0 (X11; Linux x86_64; rv:28.0) Gecko/20100101  Firefox/28.0"
70.119.210.142 - - [20/Oct/2015:15:43:15 +0000] "GET / HTTP/1.1" 500 170 "-" "Mozilla/5.0 (Macintosh; Intel Mac OS X 10_11_0) AppleWebKit/537.36 (KHTML, like Gecko) Chrome/46.0.2490.71 Safari/537.36"
70.119.210.142 - - [20/Oct/2015:15:43:17 +0000] "GET /favicon.ico HTTP/1.1" 404 579 "http://glistenlau.com/" "Mozilla/5.0 (Macintosh; Intel Mac OS X 10_11_0) AppleWebKit/537.36 (KHTML, like Gecko) Chrome/46.0.2490.71 Safari/537.36"
70.119.210.142 - - [20/Oct/2015:15:43:17 +0000] "GET /favicon.ico HTTP/1.1" 404 579 "http://glistenlau.com/" "Mozilla/5.0 (Macintosh; Intel Mac OS X 10_11_0) AppleWebKit/537.36 (KHTML, like Gecko) Chrome/46.0.2490.71 Safari/537.36"
70.119.210.142 - - [20/Oct/2015:15:43:17 +0000] "GET /favicon.ico HTTP/1.1" 404 579 "http://glistenlau.com/" "Mozilla/5.0 (Macintosh; Intel Mac OS X 10_11_0) AppleWebKit/537.36 (KHTML, like Gecko) Chrome/46.0.2490.71 Safari/537.36"
70.119.210.142 - - [20/Oct/2015:15:43:22 +0000] "GET / HTTP/1.1" 500 170 "-" "Mozilla/5.0 (Macintosh; Intel Mac OS X 10_11_0) AppleWebKit/537.36 (KHTML, like Gecko) Chrome/46.0.2490.71 Safari/537.36"
70.119.210.142 - - [20/Oct/2015:15:44:50 +0000] "GET / HTTP/1.1" 500 170 "-" "Mozilla/5.0 (Macintosh; Intel Mac OS X 10_11_0) AppleWebKit/537.36 (KHTML, like Gecko) Chrome/46.0.2490.71 Safari/537.36"
70.119.210.142 - - [20/Oct/2015:15:44:51 +0000] "GET / HTTP/1.1" 500 170 "-" "Mozilla/5.0 (Macintosh; Intel Mac OS X 10_11_0) AppleWebKit/537.36 (KHTML, like Gecko) Chrome/46.0.2490.71 Safari/537.36"
192.237.216.89 - - [20/Oct/2015:15:49:37 +0000] "GET / HTTP/1.1" 500 170 "-" "Mozilla/5.0 (Windows NT 6.1; WOW64) AppleWebKit/534.24 (KHTML, like Gecko) Chrome/11.0.696.71 Safari/534.24"
70.119.210.142 - - [20/Oct/2015:16:54:47 +0000] "GET / HTTP/1.1" 500 170 "-" "Mozilla/5.0 (Macintosh; Intel Mac OS X 10_11_0) AppleWebKit/537.36 (KHTML, like Gecko) Chrome/46.0.2490.71 Safari/537.36"
70.119.210.142 - - [20/Oct/2015:16:58:24 +0000] "GET / HTTP/1.1" 500 170 "-" "Mozilla/5.0 (Macintosh; Intel Mac OS X 10_11_0) AppleWebKit/537.36 (KHTML, like Gecko) Chrome/46.0.2490.71 Safari/537.36"
70.119.210.142 - - [20/Oct/2015:17:02:08 +0000] "GET / HTTP/1.1" 200 1425 "-" "Mozilla/5.0 (Macintosh; Intel Mac OS X 10_11_0) AppleWebKit/537.36 (KHTML, like Gecko) Chrome/46.0.2490.71 Safari/537.36"
70.119.210.142 - - [20/Oct/2015:17:02:08 +0000] "GET /static/css/uikit.min.css HTTP/1.1" 200 21687 "http://glistenlau.com/" "Mozilla/5.0 (Macintosh; Intel Mac OS X 10_11_0) AppleWebKit/537.36 (KHTML, like Gecko) Chrome/46.0.2490.71 Safari/537.36"
70.119.210.142 - - [20/Oct/2015:17:02:08 +0000] "GET /static/css/uikit.gradient.min.css HTTP/1.1" 200 23631 "http://glistenlau.com/" "Mozilla/5.0 (Macintosh; Intel Mac OS X 10_11_0) AppleWebKit/537.36 (KHTML, like Gecko) Chrome/46.0.2490.71 Safari/537.36"
70.119.210.142 - - [20/Oct/2015:17:02:08 +0000] "GET /static/css/awesome.css HTTP/1.1" 200 191 "http://glistenlau.com/" "Mozilla/5.0 (Macintosh; Intel Mac OS X 10_11_0) AppleWebKit/537.36 (KHTML, like Gecko) Chrome/46.0.2490.71 Safari/537.36"
70.119.210.142 - - [20/Oct/2015:17:02:08 +0000] "GET /static/js/sha1.min.js HTTP/1.1" 200 4294 "http://glistenlau.com/" "Mozilla/5.0 (Macintosh; Intel Mac OS X 10_11_0) AppleWebKit/537.36 (KHTML, like Gecko) Chrome/46.0.2490.71 Safari/537.36"
70.119.210.142 - - [20/Oct/2015:17:02:08 +0000] "GET /static/js/uikit.min.js HTTP/1.1" 200 49354 "http://glistenlau.com/" "Mozilla/5.0 (Macintosh; Intel Mac OS X 10_11_0) AppleWebKit/537.36 (KHTML, like Gecko) Chrome/46.0.2490.71 Safari/537.36"
70.119.210.142 - - [20/Oct/2015:17:02:09 +0000] "GET /static/js/components/sticky.min.js HTTP/1.1" 200 4662 "http://glistenlau.com/" "Mozilla/5.0 (Macintosh; Intel Mac OS X 10_11_0) AppleWebKit/537.36 (KHTML, like Gecko) Chrome/46.0.2490.71 Safari/537.36"
70.119.210.142 - - [20/Oct/2015:17:02:09 +0000] "GET /static/js/awesome.js HTTP/1.1" 200 14193 "http://glistenlau.com/" "Mozilla/5.0 (Macintosh; Intel Mac OS X 10_11_0) AppleWebKit/537.36 (KHTML, like Gecko) Chrome/46.0.2490.71 Safari/537.36"
70.119.210.142 - - [20/Oct/2015:17:02:09 +0000] "GET /static/js/jquery-2.1.4.js HTTP/1.1" 200 247597 "http://glistenlau.com/" "Mozilla/5.0 (Macintosh; Intel Mac OS X 10_11_0) AppleWebKit/537.36 (KHTML, like Gecko) Chrome/46.0.2490.71 Safari/537.36"
70.119.210.142 - - [20/Oct/2015:17:02:09 +0000] "GET /static/js/vue.min.js HTTP/1.1" 200 73154 "http://glistenlau.com/" "Mozilla/5.0 (Macintosh; Intel Mac OS X 10_11_0) AppleWebKit/537.36 (KHTML, like Gecko) Chrome/46.0.2490.71 Safari/537.36"
70.119.210.142 - - [20/Oct/2015:17:02:09 +0000] "GET /static/fonts/fontawesome-webfont.woff2 HTTP/1.1" 200 64464 "http://glistenlau.com/static/css/uikit.min.css" "Mozilla/5.0 (Macintosh; Intel Mac OS X 10_11_0) AppleWebKit/537.36 (KHTML, like Gecko) Chrome/46.0.2490.71 Safari/537.36"
70.119.210.142 - - [20/Oct/2015:17:02:09 +0000] "GET /api/blogs?page=1 HTTP/1.1" 200 629 "http://glistenlau.com/" "Mozilla/5.0 (Macintosh; Intel Mac OS X 10_11_0) AppleWebKit/537.36 (KHTML, like Gecko) Chrome/46.0.2490.71 Safari/537.36"
107.173.146.148 - - [20/Oct/2015:17:28:17 +0000] "GET / HTTP/1.1" 200 1425 "http://best-seo-report.com" "Mozilla/4.0 (compatible; Synapse)"
66.249.79.80 - - [20/Oct/2015:19:20:20 +0000] "GET /robots.txt HTTP/1.1" 404 14 "-" "Mozilla/5.0 (compatible; Googlebot/2.1; +http://www.google.com/bot.html)"
66.249.79.78 - - [20/Oct/2015:19:20:20 +0000] "GET / HTTP/1.1" 200 1425 "-" "Mozilla/5.0 (compatible; Googlebot/2.1; +http://www.google.com/bot.html)"
66.249.79.82 - - [20/Oct/2015:19:24:50 +0000] "GET /signin HTTP/1.1" 200 1004 "-" "Mozilla/5.0 (compatible; Googlebot/2.1; +http://www.google.com/bot.html)"
66.249.79.80 - - [20/Oct/2015:19:24:51 +0000] "GET /register HTTP/1.1" 200 1842 "-" "Mozilla/5.0 (compatible; Googlebot/2.1; +http://www.google.com/bot.html)"
66.249.79.78 - - [20/Oct/2015:19:24:51 +0000] "GET /api/blogs HTTP/1.1" 200 629 "-" "Mozilla/5.0 (compatible; Googlebot/2.1; +http://www.google.com/bot.html)"
66.249.79.80 - - [20/Oct/2015:19:24:52 +0000] "GET /blog/001444848824833661488ae507a468f95c9cb0919b85b9d000 HTTP/1.1" 200 1567 "-" "Mozilla/5.0 (compatible; Googlebot/2.1; +http://www.google.com/bot.html)"
66.249.79.82 - - [20/Oct/2015:19:29:47 +0000] "GET /api/users HTTP/1.1" 200 697 "-" "Mozilla/5.0 (compatible; Googlebot/2.1; +http://www.google.com/bot.html)"
66.249.79.80 - - [20/Oct/2015:19:29:48 +0000] "GET /api/authenticate HTTP/1.1" 405 23 "-" "Mozilla/5.0 (compatible; Googlebot/2.1; +http://www.google.com/bot.html)"
66.249.79.82 - - [20/Oct/2015:19:29:50 +0000] "GET /blog/signin HTTP/1.1" 500 170 "-" "Mozilla/5.0 (compatible; Googlebot/2.1; +http://www.google.com/bot.html)"
66.249.79.82 - - [20/Oct/2015:19:33:40 +0000] "GET /api/blogs/001444848824833661488ae507a468f95c9cb0919b85b9d000/comments HTTP/1.1" 405 23 "-" "Mozilla/5.0 (compatible; Googlebot/2.1; +http://www.google.com/bot.html)"
172.245.120.39 - - [20/Oct/2015:20:39:04 +0000] "GET / HTTP/1.1" 200 1425 "http://best-seo-report.com" "Mozilla/4.0 (compatible; Synapse)"
70.121.51.110 - - [20/Oct/2015:20:39:17 +0000] "GET / HTTP/1.1" 200 1425 "-" "Mozilla/5.0 (Macintosh; Intel Mac OS X 10_10_5) AppleWebKit/537.36 (KHTML, like Gecko) Chrome/46.0.2490.71 Safari/537.36"
70.121.51.110 - - [20/Oct/2015:20:39:17 +0000] "GET /static/css/uikit.min.css HTTP/1.1" 200 21687 "http://glistenlau.com/" "Mozilla/5.0 (Macintosh; Intel Mac OS X 10_10_5) AppleWebKit/537.36 (KHTML, like Gecko) Chrome/46.0.2490.71 Safari/537.36"
70.121.51.110 - - [20/Oct/2015:20:39:17 +0000] "GET /static/css/uikit.gradient.min.css HTTP/1.1" 200 23631 "http://glistenlau.com/" "Mozilla/5.0 (Macintosh; Intel Mac OS X 10_10_5) AppleWebKit/537.36 (KHTML, like Gecko) Chrome/46.0.2490.71 Safari/537.36"
70.121.51.110 - - [20/Oct/2015:20:39:17 +0000] "GET /static/css/awesome.css HTTP/1.1" 200 191 "http://glistenlau.com/" "Mozilla/5.0 (Macintosh; Intel Mac OS X 10_10_5) AppleWebKit/537.36 (KHTML, like Gecko) Chrome/46.0.2490.71 Safari/537.36"
70.121.51.110 - - [20/Oct/2015:20:39:17 +0000] "GET /static/js/sha1.min.js HTTP/1.1" 200 4294 "http://glistenlau.com/" "Mozilla/5.0 (Macintosh; Intel Mac OS X 10_10_5) AppleWebKit/537.36 (KHTML, like Gecko) Chrome/46.0.2490.71 Safari/537.36"
70.121.51.110 - - [20/Oct/2015:20:39:17 +0000] "GET /static/js/uikit.min.js HTTP/1.1" 200 49354 "http://glistenlau.com/" "Mozilla/5.0 (Macintosh; Intel Mac OS X 10_10_5) AppleWebKit/537.36 (KHTML, like Gecko) Chrome/46.0.2490.71 Safari/537.36"
70.121.51.110 - - [20/Oct/2015:20:39:17 +0000] "GET /static/js/components/sticky.min.js HTTP/1.1" 200 4662 "http://glistenlau.com/" "Mozilla/5.0 (Macintosh; Intel Mac OS X 10_10_5) AppleWebKit/537.36 (KHTML, like Gecko) Chrome/46.0.2490.71 Safari/537.36"
70.121.51.110 - - [20/Oct/2015:20:39:17 +0000] "GET /static/js/awesome.js HTTP/1.1" 200 14193 "http://glistenlau.com/" "Mozilla/5.0 (Macintosh; Intel Mac OS X 10_10_5) AppleWebKit/537.36 (KHTML, like Gecko) Chrome/46.0.2490.71 Safari/537.36"
70.121.51.110 - - [20/Oct/2015:20:39:18 +0000] "GET /static/js/vue.min.js HTTP/1.1" 200 73154 "http://glistenlau.com/" "Mozilla/5.0 (Macintosh; Intel Mac OS X 10_10_5) AppleWebKit/537.36 (KHTML, like Gecko) Chrome/46.0.2490.71 Safari/537.36"
70.121.51.110 - - [20/Oct/2015:20:39:18 +0000] "GET /static/js/jquery-2.1.4.js HTTP/1.1" 200 247597 "http://glistenlau.com/" "Mozilla/5.0 (Macintosh; Intel Mac OS X 10_10_5) AppleWebKit/537.36 (KHTML, like Gecko) Chrome/46.0.2490.71 Safari/537.36"
70.121.51.110 - - [20/Oct/2015:20:39:19 +0000] "GET /static/fonts/fontawesome-webfont.woff2 HTTP/1.1" 200 64464 "http://glistenlau.com/static/css/uikit.min.css" "Mozilla/5.0 (Macintosh; Intel Mac OS X 10_10_5) AppleWebKit/537.36 (KHTML, like Gecko) Chrome/46.0.2490.71 Safari/537.36"
70.121.51.110 - - [20/Oct/2015:20:39:19 +0000] "GET /api/blogs?page=1 HTTP/1.1" 200 629 "http://glistenlau.com/" "Mozilla/5.0 (Macintosh; Intel Mac OS X 10_10_5) AppleWebKit/537.36 (KHTML, like Gecko) Chrome/46.0.2490.71 Safari/537.36"
70.121.51.110 - - [20/Oct/2015:20:39:21 +0000] "GET /favicon.ico HTTP/1.1" 404 579 "http://glistenlau.com/" "Mozilla/5.0 (Macintosh; Intel Mac OS X 10_10_5) AppleWebKit/537.36 (KHTML, like Gecko) Chrome/46.0.2490.71 Safari/537.36"
70.121.51.110 - - [20/Oct/2015:20:39:35 +0000] "GET /signin HTTP/1.1" 200 1004 "http://glistenlau.com/" "Mozilla/5.0 (Macintosh; Intel Mac OS X 10_10_5) AppleWebKit/537.36 (KHTML, like Gecko) Chrome/46.0.2490.71 Safari/537.36"
70.121.51.110 - - [20/Oct/2015:20:39:46 +0000] "GET /blog/001444848824833661488ae507a468f95c9cb0919b85b9d000 HTTP/1.1" 200 1567 "http://glistenlau.com/" "Mozilla/5.0 (Macintosh; Intel Mac OS X 10_10_5) AppleWebKit/537.36 (KHTML, like Gecko) Chrome/46.0.2490.71 Safari/537.36"
70.121.51.110 - - [20/Oct/2015:20:40:14 +0000] "GET /manage HTTP/1.1" 404 14 "-" "Mozilla/5.0 (Macintosh; Intel Mac OS X 10_10_5) AppleWebKit/537.36 (KHTML, like Gecko) Chrome/46.0.2490.71 Safari/537.36"
70.121.51.110 - - [20/Oct/2015:20:40:21 +0000] "GET /manage/blogs HTTP/1.1" 302 10 "-" "Mozilla/5.0 (Macintosh; Intel Mac OS X 10_10_5) AppleWebKit/537.36 (KHTML, like Gecko) Chrome/46.0.2490.71 Safari/537.36"
70.121.51.110 - - [20/Oct/2015:20:40:21 +0000] "GET /signin HTTP/1.1" 200 1004 "-" "Mozilla/5.0 (Macintosh; Intel Mac OS X 10_10_5) AppleWebKit/537.36 (KHTML, like Gecko) Chrome/46.0.2490.71 Safari/537.36"
107.173.161.146 - - [20/Oct/2015:23:45:09 +0000] "GET / HTTP/1.1" 200 1425 "http://best-seo-report.com" "Mozilla/4.0 (compatible; Synapse)"
66.249.79.78 - - [21/Oct/2015:01:06:49 +0000] "GET /blog/signin HTTP/1.1" 500 170 "-" "Mozilla/5.0 (compatible; Googlebot/2.1; +http://www.google.com/bot.html)"
66.249.79.78 - - [21/Oct/2015:01:13:12 +0000] "GET /signin HTTP/1.1" 200 1004 "-" "Mozilla/5.0 (iPhone; CPU iPhone OS 8_3 like Mac OS X) AppleWebKit/600.1.4 (KHTML, like Gecko) Version/8.0 Mobile/12F70 Safari/600.1.4 (compatible; Googlebot/2.1; +http://www.google.com/bot.html)"
66.249.79.78 - - [21/Oct/2015:01:22:12 +0000] "GET /m/ HTTP/1.1" 404 14 "-" "Mozilla/5.0 (iPhone; CPU iPhone OS 8_3 like Mac OS X) AppleWebKit/600.1.4 (KHTML, like Gecko) Version/8.0 Mobile/12F70 Safari/600.1.4 (compatible; Googlebot/2.1; +http://www.google.com/bot.html)"
70.119.210.142 - - [21/Oct/2015:01:25:30 +0000] "GET / HTTP/1.1" 200 1425 "-" "Mozilla/5.0 (Macintosh; Intel Mac OS X 10_11_0) AppleWebKit/537.36 (KHTML, like Gecko) Chrome/46.0.2490.71 Safari/537.36"
70.119.210.142 - - [21/Oct/2015:01:25:30 +0000] "GET /static/css/uikit.min.css HTTP/1.1" 200 21687 "http://glistenlau.com/" "Mozilla/5.0 (Macintosh; Intel Mac OS X 10_11_0) AppleWebKit/537.36 (KHTML, like Gecko) Chrome/46.0.2490.71 Safari/537.36"
70.119.210.142 - - [21/Oct/2015:01:25:30 +0000] "GET /static/css/uikit.gradient.min.css HTTP/1.1" 200 23631 "http://glistenlau.com/" "Mozilla/5.0 (Macintosh; Intel Mac OS X 10_11_0) AppleWebKit/537.36 (KHTML, like Gecko) Chrome/46.0.2490.71 Safari/537.36"
70.119.210.142 - - [21/Oct/2015:01:25:30 +0000] "GET /static/css/awesome.css HTTP/1.1" 200 191 "http://glistenlau.com/" "Mozilla/5.0 (Macintosh; Intel Mac OS X 10_11_0) AppleWebKit/537.36 (KHTML, like Gecko) Chrome/46.0.2490.71 Safari/537.36"
70.119.210.142 - - [21/Oct/2015:01:25:31 +0000] "GET /static/fonts/fontawesome-webfont.woff2 HTTP/1.1" 200 64464 "http://glistenlau.com/static/css/uikit.min.css" "Mozilla/5.0 (Macintosh; Intel Mac OS X 10_11_0) AppleWebKit/537.36 (KHTML, like Gecko) Chrome/46.0.2490.71 Safari/537.36"
70.119.210.142 - - [21/Oct/2015:01:25:31 +0000] "GET /api/blogs?page=1 HTTP/1.1" 200 629 "http://glistenlau.com/" "Mozilla/5.0 (Macintosh; Intel Mac OS X 10_11_0) AppleWebKit/537.36 (KHTML, like Gecko) Chrome/46.0.2490.71 Safari/537.36"
107.173.163.234 - - [21/Oct/2015:02:58:39 +0000] "GET / HTTP/1.1" 200 1425 "http://best-seo-report.com" "Mozilla/4.0 (compatible; Synapse)"
66.249.79.80 - - [21/Oct/2015:04:48:30 +0000] "GET /static/css/uikit.min.css HTTP/1.1" 200 21687 "http://glistenlau.com/signin" "Mozilla/5.0 (compatible; Googlebot/2.1; +http://www.google.com/bot.html)"
107.173.159.56 - - [21/Oct/2015:06:41:54 +0000] "GET / HTTP/1.1" 200 1425 "http://best-seo-report.com" "Mozilla/4.0 (compatible; Synapse)"
66.249.79.78 - - [21/Oct/2015:07:07:04 +0000] "GET /blog/signin HTTP/1.1" 500 170 "-" "Mozilla/5.0 (compatible; Googlebot/2.1; +http://www.google.com/bot.html)"
70.119.210.142 - - [21/Oct/2015:11:42:46 +0000] "GET / HTTP/1.1" 200 1425 "-" "Mozilla/5.0 (Macintosh; Intel Mac OS X 10_11_0) AppleWebKit/537.36 (KHTML, like Gecko) Chrome/46.0.2490.71 Safari/537.36"
70.119.210.142 - - [21/Oct/2015:11:42:46 +0000] "GET /api/blogs?page=1 HTTP/1.1" 200 629 "http://glistenlau.com/" "Mozilla/5.0 (Macintosh; Intel Mac OS X 10_11_0) AppleWebKit/537.36 (KHTML, like Gecko) Chrome/46.0.2490.71 Safari/537.36"
70.119.210.142 - - [21/Oct/2015:11:42:47 +0000] "GET / HTTP/1.1" 200 1425 "-" "Mozilla/5.0 (Macintosh; Intel Mac OS X 10_11_0) AppleWebKit/537.36 (KHTML, like Gecko) Chrome/46.0.2490.71 Safari/537.36"
70.119.210.142 - - [21/Oct/2015:11:42:48 +0000] "GET /api/blogs?page=1 HTTP/1.1" 200 629 "http://glistenlau.com/" "Mozilla/5.0 (Macintosh; Intel Mac OS X 10_11_0) AppleWebKit/537.36 (KHTML, like Gecko) Chrome/46.0.2490.71 Safari/537.36"
66.249.79.82 - - [21/Oct/2015:13:07:14 +0000] "GET /robots.txt HTTP/1.1" 404 14 "-" "Mozilla/5.0 (compatible; Googlebot/2.1; +http://www.google.com/bot.html)"
66.249.79.82 - - [21/Oct/2015:13:07:14 +0000] "GET /blog/signin HTTP/1.1" 500 170 "-" "Mozilla/5.0 (compatible; Googlebot/2.1; +http://www.google.com/bot.html)"
66.249.79.82 - - [21/Oct/2015:16:51:27 +0000] "GET /blog/signin HTTP/1.1" 500 170 "-" "Mozilla/5.0 (compatible; Googlebot/2.1; +http://www.google.com/bot.html)"
78.47.155.198 - - [21/Oct/2015:17:47:55 +0000] "GET / HTTP/1.1" 200 3812 "-" "Mozilla/5.0 (compatible; Digincore bot; https://www.digincore.com/crawler.html for rules and instructions."
66.249.79.82 - - [21/Oct/2015:17:51:21 +0000] "GET /static/css/awesome.css HTTP/1.1" 200 191 "-" "Mozilla/5.0 (compatible; Googlebot/2.1; +http://www.google.com/bot.html)"
107.173.151.243 - - [21/Oct/2015:18:06:58 +0000] "GET / HTTP/1.1" 200 1425 "http://best-seo-report.com" "Mozilla/4.0 (compatible; Synapse)"
66.249.79.82 - - [21/Oct/2015:18:09:33 +0000] "GET / HTTP/1.1" 200 1425 "-" "Mozilla/5.0 (compatible; Googlebot/2.1; +http://www.google.com/bot.html)"
66.249.79.80 - - [21/Oct/2015:19:07:53 +0000] "GET /blog/signin HTTP/1.1" 500 170 "-" "Mozilla/5.0 (compatible; Googlebot/2.1; +http://www.google.com/bot.html)"
66.249.79.80 - - [21/Oct/2015:20:03:36 +0000] "GET /signin HTTP/1.1" 200 1004 "-" "Mozilla/5.0 (compatible; Googlebot/2.1; +http://www.google.com/bot.html)"
172.245.210.110 - - [21/Oct/2015:21:27:01 +0000] "GET / HTTP/1.1" 500 170 "http://best-seo-report.com" "Mozilla/4.0 (compatible; Synapse)"
172.245.210.110 - - [21/Oct/2015:21:27:01 +0000] "GET / HTTP/1.1" 500 170 "http://best-seo-report.com" "Mozilla/4.0 (compatible; Synapse)"
172.245.210.110 - - [21/Oct/2015:21:27:02 +0000] "GET / HTTP/1.1" 500 170 "http://best-seo-report.com" "Mozilla/4.0 (compatible; Synapse)"
172.245.210.110 - - [21/Oct/2015:21:27:02 +0000] "GET / HTTP/1.1" 500 170 "http://best-seo-report.com" "Mozilla/4.0 (compatible; Synapse)"
66.249.79.82 - - [21/Oct/2015:23:34:02 +0000] "GET /blog/signin HTTP/1.1" 500 170 "-" "Mozilla/5.0 (compatible; Googlebot/2.1; +http://www.google.com/bot.html)"
107.173.156.10 - - [22/Oct/2015:00:32:40 +0000] "GET / HTTP/1.1" 500 170 "http://best-seo-report.com" "Mozilla/4.0 (compatible; Synapse)"
107.173.156.10 - - [22/Oct/2015:00:32:40 +0000] "GET / HTTP/1.1" 500 170 "http://best-seo-report.com" "Mozilla/4.0 (compatible; Synapse)"
107.173.156.10 - - [22/Oct/2015:00:32:41 +0000] "GET / HTTP/1.1" 500 170 "http://best-seo-report.com" "Mozilla/4.0 (compatible; Synapse)"
107.173.156.10 - - [22/Oct/2015:00:32:41 +0000] "GET / HTTP/1.1" 500 170 "http://best-seo-report.com" "Mozilla/4.0 (compatible; Synapse)"
70.119.210.142 - - [22/Oct/2015:01:36:35 +0000] "GET / HTTP/1.1" 500 170 "-" "Mozilla/5.0 (Macintosh; Intel Mac OS X 10_11_0) AppleWebKit/537.36 (KHTML, like Gecko) Chrome/46.0.2490.71 Safari/537.36"
70.119.210.142 - - [22/Oct/2015:01:36:36 +0000] "GET /favicon.ico HTTP/1.1" 404 579 "http://glistenlau.com/" "Mozilla/5.0 (Macintosh; Intel Mac OS X 10_11_0) AppleWebKit/537.36 (KHTML, like Gecko) Chrome/46.0.2490.71 Safari/537.36"
70.119.210.142 - - [22/Oct/2015:01:36:41 +0000] "GET / HTTP/1.1" 500 170 "-" "Mozilla/5.0 (Macintosh; Intel Mac OS X 10_11_0) AppleWebKit/537.36 (KHTML, like Gecko) Chrome/46.0.2490.71 Safari/537.36"
66.249.79.80 - - [22/Oct/2015:02:13:42 +0000] "GET /robots.txt HTTP/1.1" 404 14 "-" "Mozilla/5.0 (compatible; Googlebot/2.1; +http://www.google.com/bot.html)"
66.249.79.82 - - [22/Oct/2015:02:13:42 +0000] "GET / HTTP/1.1" 500 170 "-" "Mozilla/5.0 (compatible; Googlebot/2.1; +http://www.google.com/bot.html)"
66.249.79.78 - - [22/Oct/2015:02:16:50 +0000] "GET /blog/001444848824833661488ae507a468f95c9cb0919b85b9d000 HTTP/1.1" 500 170 "-" "Mozilla/5.0 (compatible; Googlebot/2.1; +http://www.google.com/bot.html)"
107.173.168.240 - - [22/Oct/2015:03:45:12 +0000] "GET / HTTP/1.1" 500 170 "http://best-seo-report.com" "Mozilla/4.0 (compatible; Synapse)"
107.173.168.240 - - [22/Oct/2015:03:45:13 +0000] "GET / HTTP/1.1" 500 170 "http://best-seo-report.com" "Mozilla/4.0 (compatible; Synapse)"
107.173.168.240 - - [22/Oct/2015:03:45:13 +0000] "GET / HTTP/1.1" 500 170 "http://best-seo-report.com" "Mozilla/4.0 (compatible; Synapse)"
107.173.168.240 - - [22/Oct/2015:03:45:13 +0000] "GET / HTTP/1.1" 500 170 "http://best-seo-report.com" "Mozilla/4.0 (compatible; Synapse)"
66.249.79.82 - - [22/Oct/2015:05:51:35 +0000] "GET /blog/signin HTTP/1.1" 500 170 "-" "Mozilla/5.0 (compatible; Googlebot/2.1; +http://www.google.com/bot.html)"
66.249.79.80 - - [22/Oct/2015:10:00:30 +0000] "GET /signin HTTP/1.1" 200 1004 "-" "Mozilla/5.0 (compatible; Googlebot/2.1; +http://www.google.com/bot.html)"
66.249.79.82 - - [22/Oct/2015:10:06:52 +0000] "GET /blog/001444848824833661488ae507a468f95c9cb0919b85b9d000 HTTP/1.1" 500 170 "-" "Mozilla/5.0 (compatible; Googlebot/2.1; +http://www.google.com/bot.html)"
172.245.114.144 - - [22/Oct/2015:10:57:38 +0000] "GET / HTTP/1.1" 500 170 "http://best-seo-report.com" "Mozilla/4.0 (compatible; Synapse)"
172.245.114.144 - - [22/Oct/2015:10:57:38 +0000] "GET / HTTP/1.1" 500 170 "http://best-seo-report.com" "Mozilla/4.0 (compatible; Synapse)"
172.245.114.144 - - [22/Oct/2015:10:57:39 +0000] "GET / HTTP/1.1" 500 170 "http://best-seo-report.com" "Mozilla/4.0 (compatible; Synapse)"
172.245.114.144 - - [22/Oct/2015:10:57:39 +0000] "GET / HTTP/1.1" 500 170 "http://best-seo-report.com" "Mozilla/4.0 (compatible; Synapse)"
66.249.79.80 - - [22/Oct/2015:12:08:08 +0000] "GET /blog/signin HTTP/1.1" 500 170 "-" "Mozilla/5.0 (compatible; Googlebot/2.1; +http://www.google.com/bot.html)"
70.119.210.142 - - [22/Oct/2015:15:15:43 +0000] "GET / HTTP/1.1" 500 170 "-" "Mozilla/5.0 (Windows NT 10.0; Win64; x64) AppleWebKit/537.36 (KHTML, like Gecko) Chrome/42.0.2311.135 Safari/537.36 Edge/12.10240"
66.249.79.78 - - [22/Oct/2015:15:47:59 +0000] "GET /robots.txt HTTP/1.1" 404 14 "-" "Mozilla/5.0 (compatible; Googlebot/2.1; +http://www.google.com/bot.html)"
66.249.79.80 - - [22/Oct/2015:15:47:59 +0000] "GET /signin HTTP/1.1" 200 1004 "-" "Mozilla/5.0 (compatible; Googlebot/2.1; +http://www.google.com/bot.html)"
107.173.160.237 - - [22/Oct/2015:15:56:22 +0000] "GET / HTTP/1.1" 500 170 "http://best-seo-report.com" "Mozilla/4.0 (compatible; Synapse)"
107.173.160.237 - - [22/Oct/2015:15:56:22 +0000] "GET / HTTP/1.1" 500 170 "http://best-seo-report.com" "Mozilla/4.0 (compatible; Synapse)"
107.173.160.237 - - [22/Oct/2015:15:56:23 +0000] "GET / HTTP/1.1" 500 170 "http://best-seo-report.com" "Mozilla/4.0 (compatible; Synapse)"
107.173.160.237 - - [22/Oct/2015:15:56:23 +0000] "GET / HTTP/1.1" 500 170 "http://best-seo-report.com" "Mozilla/4.0 (compatible; Synapse)"
66.249.79.82 - - [22/Oct/2015:17:32:09 +0000] "GET /blog/001444848824833661488ae507a468f95c9cb0919b85b9d000 HTTP/1.1" 500 170 "-" "Mozilla/5.0 (compatible; Googlebot/2.1; +http://www.google.com/bot.html)"
66.249.79.78 - - [22/Oct/2015:17:32:28 +0000] "GET /blog/signin HTTP/1.1" 500 170 "-" "Mozilla/5.0 (compatible; Googlebot/2.1; +http://www.google.com/bot.html)"
66.249.79.78 - - [22/Oct/2015:18:43:40 +0000] "GET /signin HTTP/1.1" 200 1004 "-" "Mozilla/5.0 (compatible; Googlebot/2.1; +http://www.google.com/bot.html)"
107.173.152.252 - - [22/Oct/2015:19:15:24 +0000] "GET / HTTP/1.1" 500 170 "http://best-seo-report.com" "Mozilla/4.0 (compatible; Synapse)"
107.173.152.252 - - [22/Oct/2015:19:15:24 +0000] "GET / HTTP/1.1" 500 170 "http://best-seo-report.com" "Mozilla/4.0 (compatible; Synapse)"
107.173.152.252 - - [22/Oct/2015:19:15:25 +0000] "GET / HTTP/1.1" 500 170 "http://best-seo-report.com" "Mozilla/4.0 (compatible; Synapse)"
107.173.152.252 - - [22/Oct/2015:19:15:25 +0000] "GET / HTTP/1.1" 500 170 "http://best-seo-report.com" "Mozilla/4.0 (compatible; Synapse)"
172.245.176.173 - - [22/Oct/2015:22:25:48 +0000] "GET / HTTP/1.1" 500 170 "http://best-seo-report.com" "Mozilla/4.0 (compatible; Synapse)"
172.245.176.173 - - [22/Oct/2015:22:25:48 +0000] "GET / HTTP/1.1" 500 170 "http://best-seo-report.com" "Mozilla/4.0 (compatible; Synapse)"
172.245.176.173 - - [22/Oct/2015:22:25:49 +0000] "GET / HTTP/1.1" 500 170 "http://best-seo-report.com" "Mozilla/4.0 (compatible; Synapse)"
172.245.176.173 - - [22/Oct/2015:22:25:49 +0000] "GET / HTTP/1.1" 500 170 "http://best-seo-report.com" "Mozilla/4.0 (compatible; Synapse)"
66.249.79.82 - - [23/Oct/2015:00:21:51 +0000] "GET /blog/001444848824833661488ae507a468f95c9cb0919b85b9d000 HTTP/1.1" 500 170 "-" "Mozilla/5.0 (compatible; Googlebot/2.1; +http://www.google.com/bot.html)"
66.249.79.78 - - [23/Oct/2015:00:36:52 +0000] "GET / HTTP/1.1" 500 170 "-" "Mozilla/5.0 (iPhone; CPU iPhone OS 8_3 like Mac OS X) AppleWebKit/600.1.4 (KHTML, like Gecko) Version/8.0 Mobile/12F70 Safari/600.1.4 (compatible; Googlebot/2.1; +http://www.google.com/bot.html)"
66.249.79.78 - - [23/Oct/2015:00:46:07 +0000] "GET /m/ HTTP/1.1" 404 14 "-" "Mozilla/5.0 (iPhone; CPU iPhone OS 8_3 like Mac OS X) AppleWebKit/600.1.4 (KHTML, like Gecko) Version/8.0 Mobile/12F70 Safari/600.1.4 (compatible; Googlebot/2.1; +http://www.google.com/bot.html)"
107.173.157.44 - - [23/Oct/2015:01:33:17 +0000] "GET / HTTP/1.1" 500 170 "http://best-seo-report.com" "Mozilla/4.0 (compatible; Synapse)"
107.173.157.44 - - [23/Oct/2015:01:33:18 +0000] "GET / HTTP/1.1" 500 170 "http://best-seo-report.com" "Mozilla/4.0 (compatible; Synapse)"
107.173.157.44 - - [23/Oct/2015:01:33:18 +0000] "GET / HTTP/1.1" 500 170 "http://best-seo-report.com" "Mozilla/4.0 (compatible; Synapse)"
107.173.157.44 - - [23/Oct/2015:01:33:18 +0000] "GET / HTTP/1.1" 500 170 "http://best-seo-report.com" "Mozilla/4.0 (compatible; Synapse)"
66.249.79.78 - - [23/Oct/2015:08:53:31 +0000] "GET /robots.txt HTTP/1.1" 404 14 "-" "Mozilla/5.0 (compatible; Googlebot/2.1; +http://www.google.com/bot.html)"
66.249.79.80 - - [23/Oct/2015:08:53:31 +0000] "GET / HTTP/1.1" 500 170 "-" "Mozilla/5.0 (iPhone; CPU iPhone OS 8_3 like Mac OS X) AppleWebKit/600.1.4 (KHTML, like Gecko) Version/8.0 Mobile/12F70 Safari/600.1.4 (compatible; Googlebot/2.1; +http://www.google.com/bot.html)"
177.152.37.68 - - [23/Oct/2015:13:03:59 +0000] "GET / HTTP/1.1" 500 170 "http://rankings-analytics.com/try.php?u=http://glistenlau.com" "Mozilla/5.0 (Windows NT 6.1; WOW64) AppleWebKit/537.36 (KHTML, like Gecko) Chrome/32.0.1700.107 Safari/537.36"
66.249.79.78 - - [23/Oct/2015:19:20:21 +0000] "GET / HTTP/1.1" 500 170 "-" "Mozilla/5.0 (compatible; Googlebot/2.1; +http://www.google.com/bot.html)"
66.249.79.82 - - [24/Oct/2015:00:54:14 +0000] "GET /robots.txt HTTP/1.1" 404 14 "-" "Mozilla/5.0 (compatible; Googlebot/2.1; +http://www.google.com/bot.html)"
66.249.79.80 - - [24/Oct/2015:00:54:14 +0000] "GET / HTTP/1.1" 500 170 "-" "Mozilla/5.0 (compatible; Googlebot/2.1; +http://www.google.com/bot.html)"
66.249.79.78 - - [24/Oct/2015:03:17:53 +0000] "GET / HTTP/1.1" 500 170 "-" "Mozilla/5.0 (compatible; Googlebot/2.1; +http://www.google.com/bot.html)"
66.249.79.80 - - [24/Oct/2015:04:21:57 +0000] "GET /static/css/uikit.gradient.min.css HTTP/1.1" 200 23631 "http://glistenlau.com/signin" "Mozilla/5.0 (compatible; Googlebot/2.1; +http://www.google.com/bot.html)"
66.249.79.78 - - [24/Oct/2015:06:53:50 +0000] "GET / HTTP/1.1" 500 170 "-" "Mozilla/5.0 (compatible; Googlebot/2.1; +http://www.google.com/bot.html)"
66.249.79.82 - - [24/Oct/2015:07:03:32 +0000] "GET /signin HTTP/1.1" 200 1004 "-" "Mozilla/5.0 (compatible; Googlebot/2.1; +http://www.google.com/bot.html)"
66.249.79.78 - - [24/Oct/2015:07:03:43 +0000] "GET /static/css/uikit.min.css HTTP/1.1" 200 21687 "-" "Mozilla/5.0 (compatible; Googlebot/2.1; +http://www.google.com/bot.html)"
66.249.79.78 - - [24/Oct/2015:08:20:53 +0000] "GET /signin HTTP/1.1" 200 1004 "-" "Mozilla/5.0 (compatible; Googlebot/2.1; +http://www.google.com/bot.html)"
80.82.64.98 - - [24/Oct/2015:11:35:37 +0000] "GET / HTTP/1.1" 500 170 "-" "Mozilla/5.0 (Windows NT 6.3; WOW64; rv:37.0) Gecko/20100101 Firefox/37.0"
66.249.79.78 - - [24/Oct/2015:12:53:23 +0000] "GET / HTTP/1.1" 500 170 "-" "Mozilla/5.0 (compatible; Googlebot/2.1; +http://www.google.com/bot.html)"
70.119.210.142 - - [24/Oct/2015:15:16:51 +0000] "GET / HTTP/1.1" 500 170 "-" "Mozilla/5.0 (Macintosh; Intel Mac OS X 10_11_1) AppleWebKit/537.36 (KHTML, like Gecko) Chrome/46.0.2490.71 Safari/537.36"
70.119.210.142 - - [24/Oct/2015:15:16:52 +0000] "GET / HTTP/1.1" 500 170 "-" "Mozilla/5.0 (Macintosh; Intel Mac OS X 10_11_1) AppleWebKit/537.36 (KHTML, like Gecko) Chrome/46.0.2490.71 Safari/537.36"
70.119.210.142 - - [24/Oct/2015:15:16:54 +0000] "GET /favicon.ico HTTP/1.1" 404 579 "http://glistenlau.com/" "Mozilla/5.0 (Macintosh; Intel Mac OS X 10_11_1) AppleWebKit/537.36 (KHTML, like Gecko) Chrome/46.0.2490.71 Safari/537.36"
70.119.210.142 - - [24/Oct/2015:15:16:54 +0000] "GET /favicon.ico HTTP/1.1" 404 579 "http://glistenlau.com/" "Mozilla/5.0 (Macintosh; Intel Mac OS X 10_11_1) AppleWebKit/537.36 (KHTML, like Gecko) Chrome/46.0.2490.71 Safari/537.36"
70.119.210.142 - - [24/Oct/2015:15:16:54 +0000] "GET /favicon.ico HTTP/1.1" 404 579 "http://glistenlau.com/" "Mozilla/5.0 (Macintosh; Intel Mac OS X 10_11_1) AppleWebKit/537.36 (KHTML, like Gecko) Chrome/46.0.2490.71 Safari/537.36"
66.249.79.78 - - [24/Oct/2015:18:26:21 +0000] "GET /robots.txt HTTP/1.1" 404 14 "-" "Mozilla/5.0 (compatible; Googlebot/2.1; +http://www.google.com/bot.html)"
66.249.79.80 - - [24/Oct/2015:18:26:21 +0000] "GET /blog/001444848824833661488ae507a468f95c9cb0919b85b9d000 HTTP/1.1" 500 170 "-" "Mozilla/5.0 (compatible; Googlebot/2.1; +http://www.google.com/bot.html)"
66.249.79.82 - - [24/Oct/2015:18:53:57 +0000] "GET / HTTP/1.1" 500 170 "-" "Mozilla/5.0 (compatible; Googlebot/2.1; +http://www.google.com/bot.html)"
66.249.79.80 - - [25/Oct/2015:14:05:04 +0000] "GET /robots.txt HTTP/1.1" 404 14 "-" "Mozilla/5.0 (compatible; Googlebot/2.1; +http://www.google.com/bot.html)"
66.249.79.82 - - [25/Oct/2015:14:05:04 +0000] "GET / HTTP/1.1" 500 170 "-" "Mozilla/5.0 (compatible; Googlebot/2.1; +http://www.google.com/bot.html)"
66.249.79.78 - - [25/Oct/2015:17:17:54 +0000] "GET /static/js/uikit.min.js HTTP/1.1" 200 49354 "http://glistenlau.com/signin" "Mozilla/5.0 (compatible; Googlebot/2.1; +http://www.google.com/bot.html)"
66.249.79.80 - - [25/Oct/2015:17:17:55 +0000] "GET /static/js/awesome.js HTTP/1.1" 200 14193 "http://glistenlau.com/signin" "Mozilla/5.0 (compatible; Googlebot/2.1; +http://www.google.com/bot.html)"
66.249.79.78 - - [25/Oct/2015:17:17:56 +0000] "GET /static/js/vue.min.js HTTP/1.1" 200 73154 "http://glistenlau.com/signin" "Mozilla/5.0 (compatible; Googlebot/2.1; +http://www.google.com/bot.html)"
